MPLINK 4.46, Linker
Linker Map File - Created Wed May 10 17:21:19 2017

                                 Section Info
                  Section       Type    Address   Location Size(Bytes)
                ---------  ---------  ---------  ---------  ---------
                   .org_0       code   0x000000    program   0x000000
                   .org_1       code   0x000000    program   0x000040
.config_2007_RESTANIBLES.O       code   0x002007    program   0x000002
.config_2008_RESTANIBLES.O       code   0x002008    program   0x000002



                              Program Memory Usage 
                               Start         End      
                           ---------   ---------      
                            0x000000    0x00001f      
                            0x002007    0x002008      
            34 out of 8455 program addresses used, program memory utilization is 0%



                              Symbols - Sorted by Name
                     Name    Address   Location    Storage File                     
                ---------  ---------  ---------  --------- ---------                
                   INICIO   0x000002    program     static C:\Users\José Roberto\Documents\Ensambladores\RestaNibles\RestaNibles.asm
                PRINCIPAL   0x00000c    program     static C:\Users\José Roberto\Documents\Ensambladores\RestaNibles\RestaNibles.asm
        ResultadoNegativo   0x000019    program     static C:\Users\José Roberto\Documents\Ensambladores\RestaNibles\RestaNibles.asm



                              Symbols - Sorted by Address
                     Name    Address   Location    Storage File                     
                ---------  ---------  ---------  --------- ---------                
                   INICIO   0x000002    program     static C:\Users\José Roberto\Documents\Ensambladores\RestaNibles\RestaNibles.asm
                PRINCIPAL   0x00000c    program     static C:\Users\José Roberto\Documents\Ensambladores\RestaNibles\RestaNibles.asm
        ResultadoNegativo   0x000019    program     static C:\Users\José Roberto\Documents\Ensambladores\RestaNibles\RestaNibles.asm


