MPLINK 5.08, LINKER
Linker Map File - Created Wed Mar 13 14:57:23 2019

                                 Section Info
                  Section       Type    Address   Location Size(Bytes)
                ---------  ---------  ---------  ---------  ---------
                   .org_0       code   0x000000    program   0x0000c6
                   .cinit    romdata   0x000063    program   0x000004
.config_2007_BUILD/DEFAULT/PRODUCTION/SECUENC       code   0x002007    program   0x000002
.config_2008_BUILD/DEFAULT/PRODUCTION/SECUENC       code   0x002008    program   0x000002



                              Program Memory Usage 
                               Start         End      
                           ---------   ---------      
                            0x000000    0x000064      
                            0x002007    0x002008      
            103 out of 8455 program addresses used, program memory utilization is 1%



                              Symbols - Sorted by Name
                     Name    Address   Location    Storage File                     
                ---------  ---------  ---------  --------- ---------                
              CONFIG_PTOS   0x000002    program     static C:\Users\Janeth\Documents\Sistemas Digitales\Secuencia.X\Secuencia.asm
                   INICIO   0x00000f    program     static C:\Users\Janeth\Documents\Sistemas Digitales\Secuencia.X\Secuencia.asm
    R1Decima_BucleExterno   0x000059    program     static C:\Users\Janeth\Documents\Sistemas Digitales\Secuencia.X\RETARDOS.INC
   R1Decima_BucleExterno2   0x000057    program     static C:\Users\Janeth\Documents\Sistemas Digitales\Secuencia.X\RETARDOS.INC
    R1Decima_BucleInterno   0x00005b    program     static C:\Users\Janeth\Documents\Sistemas Digitales\Secuencia.X\RETARDOS.INC
        R1ms_BucleExterno   0x000043    program     static C:\Users\Janeth\Documents\Sistemas Digitales\Secuencia.X\RETARDOS.INC
        R1ms_BucleInterno   0x000045    program     static C:\Users\Janeth\Documents\Sistemas Digitales\Secuencia.X\RETARDOS.INC
                    RUT_1   0x000010    program     static C:\Users\Janeth\Documents\Sistemas Digitales\Secuencia.X\Secuencia.asm
                    RUT_2   0x000016    program     static C:\Users\Janeth\Documents\Sistemas Digitales\Secuencia.X\Secuencia.asm
            RetardoMicros   0x00002f    program     static C:\Users\Janeth\Documents\Sistemas Digitales\Secuencia.X\RETARDOS.INC
        Retardo_100micros   0x000029    program     static C:\Users\Janeth\Documents\Sistemas Digitales\Secuencia.X\RETARDOS.INC
            Retardo_100ms   0x000035    program     static C:\Users\Janeth\Documents\Sistemas Digitales\Secuencia.X\RETARDOS.INC
         Retardo_10micros   0x00001c    program     static C:\Users\Janeth\Documents\Sistemas Digitales\Secuencia.X\RETARDOS.INC
             Retardo_10ms   0x00003b    program     static C:\Users\Janeth\Documents\Sistemas Digitales\Secuencia.X\RETARDOS.INC
              Retardo_10s   0x00004d    program     static C:\Users\Janeth\Documents\Sistemas Digitales\Secuencia.X\RETARDOS.INC
          Retardo_1Decima   0x000056    program     static C:\Users\Janeth\Documents\Sistemas Digitales\Secuencia.X\RETARDOS.INC
              Retardo_1ms   0x000041    program     static C:\Users\Janeth\Documents\Sistemas Digitales\Secuencia.X\RETARDOS.INC
               Retardo_1s   0x000053    program     static C:\Users\Janeth\Documents\Sistemas Digitales\Secuencia.X\RETARDOS.INC
        Retardo_200micros   0x000026    program     static C:\Users\Janeth\Documents\Sistemas Digitales\Secuencia.X\RETARDOS.INC
            Retardo_200ms   0x000033    program     static C:\Users\Janeth\Documents\Sistemas Digitales\Secuencia.X\RETARDOS.INC
         Retardo_20micros   0x00002e    program     static C:\Users\Janeth\Documents\Sistemas Digitales\Secuencia.X\RETARDOS.INC
             Retardo_20ms   0x000039    program     static C:\Users\Janeth\Documents\Sistemas Digitales\Secuencia.X\RETARDOS.INC
              Retardo_20s   0x00004b    program     static C:\Users\Janeth\Documents\Sistemas Digitales\Secuencia.X\RETARDOS.INC
              Retardo_2ms   0x00003f    program     static C:\Users\Janeth\Documents\Sistemas Digitales\Secuencia.X\RETARDOS.INC
               Retardo_2s   0x000051    program     static C:\Users\Janeth\Documents\Sistemas Digitales\Secuencia.X\RETARDOS.INC
          Retardo_4micros   0x000022    program     static C:\Users\Janeth\Documents\Sistemas Digitales\Secuencia.X\RETARDOS.INC
        Retardo_500micros   0x000023    program     static C:\Users\Janeth\Documents\Sistemas Digitales\Secuencia.X\RETARDOS.INC
            Retardo_500ms   0x000055    program     static C:\Users\Janeth\Documents\Sistemas Digitales\Secuencia.X\RETARDOS.INC
         Retardo_50micros   0x00002b    program     static C:\Users\Janeth\Documents\Sistemas Digitales\Secuencia.X\RETARDOS.INC
             Retardo_50ms   0x000037    program     static C:\Users\Janeth\Documents\Sistemas Digitales\Secuencia.X\RETARDOS.INC
          Retardo_5micros   0x000021    program     static C:\Users\Janeth\Documents\Sistemas Digitales\Secuencia.X\RETARDOS.INC
              Retardo_5ms   0x00003d    program     static C:\Users\Janeth\Documents\Sistemas Digitales\Secuencia.X\RETARDOS.INC
               Retardo_5s   0x00004f    program     static C:\Users\Janeth\Documents\Sistemas Digitales\Secuencia.X\RETARDOS.INC
              Retardos_ms   0x000042    program     static C:\Users\Janeth\Documents\Sistemas Digitales\Secuencia.X\RETARDOS.INC
            Rmicros_Bucle   0x000030    program     static C:\Users\Janeth\Documents\Sistemas Digitales\Secuencia.X\RETARDOS.INC



                              Symbols - Sorted by Address
                     Name    Address   Location    Storage File                     
                ---------  ---------  ---------  --------- ---------                
              CONFIG_PTOS   0x000002    program     static C:\Users\Janeth\Documents\Sistemas Digitales\Secuencia.X\Secuencia.asm
                   INICIO   0x00000f    program     static C:\Users\Janeth\Documents\Sistemas Digitales\Secuencia.X\Secuencia.asm
                    RUT_1   0x000010    program     static C:\Users\Janeth\Documents\Sistemas Digitales\Secuencia.X\Secuencia.asm
                    RUT_2   0x000016    program     static C:\Users\Janeth\Documents\Sistemas Digitales\Secuencia.X\Secuencia.asm
         Retardo_10micros   0x00001c    program     static C:\Users\Janeth\Documents\Sistemas Digitales\Secuencia.X\RETARDOS.INC
          Retardo_5micros   0x000021    program     static C:\Users\Janeth\Documents\Sistemas Digitales\Secuencia.X\RETARDOS.INC
          Retardo_4micros   0x000022    program     static C:\Users\Janeth\Documents\Sistemas Digitales\Secuencia.X\RETARDOS.INC
        Retardo_500micros   0x000023    program     static C:\Users\Janeth\Documents\Sistemas Digitales\Secuencia.X\RETARDOS.INC
        Retardo_200micros   0x000026    program     static C:\Users\Janeth\Documents\Sistemas Digitales\Secuencia.X\RETARDOS.INC
        Retardo_100micros   0x000029    program     static C:\Users\Janeth\Documents\Sistemas Digitales\Secuencia.X\RETARDOS.INC
         Retardo_50micros   0x00002b    program     static C:\Users\Janeth\Documents\Sistemas Digitales\Secuencia.X\RETARDOS.INC
         Retardo_20micros   0x00002e    program     static C:\Users\Janeth\Documents\Sistemas Digitales\Secuencia.X\RETARDOS.INC
            RetardoMicros   0x00002f    program     static C:\Users\Janeth\Documents\Sistemas Digitales\Secuencia.X\RETARDOS.INC
            Rmicros_Bucle   0x000030    program     static C:\Users\Janeth\Documents\Sistemas Digitales\Secuencia.X\RETARDOS.INC
            Retardo_200ms   0x000033    program     static C:\Users\Janeth\Documents\Sistemas Digitales\Secuencia.X\RETARDOS.INC
            Retardo_100ms   0x000035    program     static C:\Users\Janeth\Documents\Sistemas Digitales\Secuencia.X\RETARDOS.INC
             Retardo_50ms   0x000037    program     static C:\Users\Janeth\Documents\Sistemas Digitales\Secuencia.X\RETARDOS.INC
             Retardo_20ms   0x000039    program     static C:\Users\Janeth\Documents\Sistemas Digitales\Secuencia.X\RETARDOS.INC
             Retardo_10ms   0x00003b    program     static C:\Users\Janeth\Documents\Sistemas Digitales\Secuencia.X\RETARDOS.INC
              Retardo_5ms   0x00003d    program     static C:\Users\Janeth\Documents\Sistemas Digitales\Secuencia.X\RETARDOS.INC
              Retardo_2ms   0x00003f    program     static C:\Users\Janeth\Documents\Sistemas Digitales\Secuencia.X\RETARDOS.INC
              Retardo_1ms   0x000041    program     static C:\Users\Janeth\Documents\Sistemas Digitales\Secuencia.X\RETARDOS.INC
              Retardos_ms   0x000042    program     static C:\Users\Janeth\Documents\Sistemas Digitales\Secuencia.X\RETARDOS.INC
        R1ms_BucleExterno   0x000043    program     static C:\Users\Janeth\Documents\Sistemas Digitales\Secuencia.X\RETARDOS.INC
        R1ms_BucleInterno   0x000045    program     static C:\Users\Janeth\Documents\Sistemas Digitales\Secuencia.X\RETARDOS.INC
              Retardo_20s   0x00004b    program     static C:\Users\Janeth\Documents\Sistemas Digitales\Secuencia.X\RETARDOS.INC
              Retardo_10s   0x00004d    program     static C:\Users\Janeth\Documents\Sistemas Digitales\Secuencia.X\RETARDOS.INC
               Retardo_5s   0x00004f    program     static C:\Users\Janeth\Documents\Sistemas Digitales\Secuencia.X\RETARDOS.INC
               Retardo_2s   0x000051    program     static C:\Users\Janeth\Documents\Sistemas Digitales\Secuencia.X\RETARDOS.INC
               Retardo_1s   0x000053    program     static C:\Users\Janeth\Documents\Sistemas Digitales\Secuencia.X\RETARDOS.INC
            Retardo_500ms   0x000055    program     static C:\Users\Janeth\Documents\Sistemas Digitales\Secuencia.X\RETARDOS.INC
          Retardo_1Decima   0x000056    program     static C:\Users\Janeth\Documents\Sistemas Digitales\Secuencia.X\RETARDOS.INC
   R1Decima_BucleExterno2   0x000057    program     static C:\Users\Janeth\Documents\Sistemas Digitales\Secuencia.X\RETARDOS.INC
    R1Decima_BucleExterno   0x000059    program     static C:\Users\Janeth\Documents\Sistemas Digitales\Secuencia.X\RETARDOS.INC
    R1Decima_BucleInterno   0x00005b    program     static C:\Users\Janeth\Documents\Sistemas Digitales\Secuencia.X\RETARDOS.INC


