MPLINK 5.09, LINKER
Linker Map File - Created Wed Mar 13 10:23:29 2019

                                 Section Info
                  Section       Type    Address   Location Size(Bytes)
                ---------  ---------  ---------  ---------  ---------
                   .org_0       code   0x000000    program   0x0000da
                   .cinit    romdata   0x00006d    program   0x000004
.config_2007_BUILD/DEFAULT/PRODUCTION/SECUENC       code   0x002007    program   0x000002
.config_2008_BUILD/DEFAULT/PRODUCTION/SECUENC       code   0x002008    program   0x000002



                              Program Memory Usage 
                               Start         End      
                           ---------   ---------      
                            0x000000    0x00006e      
                            0x002007    0x002008      
            113 out of 8455 program addresses used, program memory utilization is 1%



                              Symbols - Sorted by Name
                     Name    Address   Location    Storage File                     
                ---------  ---------  ---------  --------- ---------                
                PRINCIPAL   0x000011    program     static C:\Users\USUARIO\Desktop\escuela 2019\Sistemas\programas\secuencia1.X\secuencia1.asm
    R1Decima_BucleExterno   0x000063    program     static C:\Users\USUARIO\Desktop\escuela 2019\Sistemas\programas\secuencia1.X\Retardos.inc
   R1Decima_BucleExterno2   0x000061    program     static C:\Users\USUARIO\Desktop\escuela 2019\Sistemas\programas\secuencia1.X\Retardos.inc
    R1Decima_BucleInterno   0x000065    program     static C:\Users\USUARIO\Desktop\escuela 2019\Sistemas\programas\secuencia1.X\Retardos.inc
        R1ms_BucleExterno   0x00004d    program     static C:\Users\USUARIO\Desktop\escuela 2019\Sistemas\programas\secuencia1.X\Retardos.inc
        R1ms_BucleInterno   0x00004f    program     static C:\Users\USUARIO\Desktop\escuela 2019\Sistemas\programas\secuencia1.X\Retardos.inc
            RetardoMicros   0x000039    program     static C:\Users\USUARIO\Desktop\escuela 2019\Sistemas\programas\secuencia1.X\Retardos.inc
        Retardo_100micros   0x000033    program     static C:\Users\USUARIO\Desktop\escuela 2019\Sistemas\programas\secuencia1.X\Retardos.inc
            Retardo_100ms   0x00003f    program     static C:\Users\USUARIO\Desktop\escuela 2019\Sistemas\programas\secuencia1.X\Retardos.inc
         Retardo_10micros   0x000026    program     static C:\Users\USUARIO\Desktop\escuela 2019\Sistemas\programas\secuencia1.X\Retardos.inc
             Retardo_10ms   0x000045    program     static C:\Users\USUARIO\Desktop\escuela 2019\Sistemas\programas\secuencia1.X\Retardos.inc
              Retardo_10s   0x000057    program     static C:\Users\USUARIO\Desktop\escuela 2019\Sistemas\programas\secuencia1.X\Retardos.inc
          Retardo_1Decima   0x000060    program     static C:\Users\USUARIO\Desktop\escuela 2019\Sistemas\programas\secuencia1.X\Retardos.inc
              Retardo_1ms   0x00004b    program     static C:\Users\USUARIO\Desktop\escuela 2019\Sistemas\programas\secuencia1.X\Retardos.inc
               Retardo_1s   0x00005d    program     static C:\Users\USUARIO\Desktop\escuela 2019\Sistemas\programas\secuencia1.X\Retardos.inc
        Retardo_200micros   0x000030    program     static C:\Users\USUARIO\Desktop\escuela 2019\Sistemas\programas\secuencia1.X\Retardos.inc
            Retardo_200ms   0x00003d    program     static C:\Users\USUARIO\Desktop\escuela 2019\Sistemas\programas\secuencia1.X\Retardos.inc
         Retardo_20micros   0x000038    program     static C:\Users\USUARIO\Desktop\escuela 2019\Sistemas\programas\secuencia1.X\Retardos.inc
             Retardo_20ms   0x000043    program     static C:\Users\USUARIO\Desktop\escuela 2019\Sistemas\programas\secuencia1.X\Retardos.inc
              Retardo_20s   0x000055    program     static C:\Users\USUARIO\Desktop\escuela 2019\Sistemas\programas\secuencia1.X\Retardos.inc
              Retardo_2ms   0x000049    program     static C:\Users\USUARIO\Desktop\escuela 2019\Sistemas\programas\secuencia1.X\Retardos.inc
               Retardo_2s   0x00005b    program     static C:\Users\USUARIO\Desktop\escuela 2019\Sistemas\programas\secuencia1.X\Retardos.inc
          Retardo_4micros   0x00002c    program     static C:\Users\USUARIO\Desktop\escuela 2019\Sistemas\programas\secuencia1.X\Retardos.inc
        Retardo_500micros   0x00002d    program     static C:\Users\USUARIO\Desktop\escuela 2019\Sistemas\programas\secuencia1.X\Retardos.inc
            Retardo_500ms   0x00005f    program     static C:\Users\USUARIO\Desktop\escuela 2019\Sistemas\programas\secuencia1.X\Retardos.inc
         Retardo_50micros   0x000035    program     static C:\Users\USUARIO\Desktop\escuela 2019\Sistemas\programas\secuencia1.X\Retardos.inc
             Retardo_50ms   0x000041    program     static C:\Users\USUARIO\Desktop\escuela 2019\Sistemas\programas\secuencia1.X\Retardos.inc
          Retardo_5micros   0x00002b    program     static C:\Users\USUARIO\Desktop\escuela 2019\Sistemas\programas\secuencia1.X\Retardos.inc
              Retardo_5ms   0x000047    program     static C:\Users\USUARIO\Desktop\escuela 2019\Sistemas\programas\secuencia1.X\Retardos.inc
               Retardo_5s   0x000059    program     static C:\Users\USUARIO\Desktop\escuela 2019\Sistemas\programas\secuencia1.X\Retardos.inc
              Retardos_ms   0x00004c    program     static C:\Users\USUARIO\Desktop\escuela 2019\Sistemas\programas\secuencia1.X\Retardos.inc
            Rmicros_Bucle   0x00003a    program     static C:\Users\USUARIO\Desktop\escuela 2019\Sistemas\programas\secuencia1.X\Retardos.inc
              RotaDerecha   0x00001e    program     static C:\Users\USUARIO\Desktop\escuela 2019\Sistemas\programas\secuencia1.X\secuencia1.asm
            RotaIzquierda   0x000016    program     static C:\Users\USUARIO\Desktop\escuela 2019\Sistemas\programas\secuencia1.X\secuencia1.asm
                    start   0x000002    program     static C:\Users\USUARIO\Desktop\escuela 2019\Sistemas\programas\secuencia1.X\secuencia1.asm



                              Symbols - Sorted by Address
                     Name    Address   Location    Storage File                     
                ---------  ---------  ---------  --------- ---------                
                    start   0x000002    program     static C:\Users\USUARIO\Desktop\escuela 2019\Sistemas\programas\secuencia1.X\secuencia1.asm
                PRINCIPAL   0x000011    program     static C:\Users\USUARIO\Desktop\escuela 2019\Sistemas\programas\secuencia1.X\secuencia1.asm
            RotaIzquierda   0x000016    program     static C:\Users\USUARIO\Desktop\escuela 2019\Sistemas\programas\secuencia1.X\secuencia1.asm
              RotaDerecha   0x00001e    program     static C:\Users\USUARIO\Desktop\escuela 2019\Sistemas\programas\secuencia1.X\secuencia1.asm
         Retardo_10micros   0x000026    program     static C:\Users\USUARIO\Desktop\escuela 2019\Sistemas\programas\secuencia1.X\Retardos.inc
          Retardo_5micros   0x00002b    program     static C:\Users\USUARIO\Desktop\escuela 2019\Sistemas\programas\secuencia1.X\Retardos.inc
          Retardo_4micros   0x00002c    program     static C:\Users\USUARIO\Desktop\escuela 2019\Sistemas\programas\secuencia1.X\Retardos.inc
        Retardo_500micros   0x00002d    program     static C:\Users\USUARIO\Desktop\escuela 2019\Sistemas\programas\secuencia1.X\Retardos.inc
        Retardo_200micros   0x000030    program     static C:\Users\USUARIO\Desktop\escuela 2019\Sistemas\programas\secuencia1.X\Retardos.inc
        Retardo_100micros   0x000033    program     static C:\Users\USUARIO\Desktop\escuela 2019\Sistemas\programas\secuencia1.X\Retardos.inc
         Retardo_50micros   0x000035    program     static C:\Users\USUARIO\Desktop\escuela 2019\Sistemas\programas\secuencia1.X\Retardos.inc
         Retardo_20micros   0x000038    program     static C:\Users\USUARIO\Desktop\escuela 2019\Sistemas\programas\secuencia1.X\Retardos.inc
            RetardoMicros   0x000039    program     static C:\Users\USUARIO\Desktop\escuela 2019\Sistemas\programas\secuencia1.X\Retardos.inc
            Rmicros_Bucle   0x00003a    program     static C:\Users\USUARIO\Desktop\escuela 2019\Sistemas\programas\secuencia1.X\Retardos.inc
            Retardo_200ms   0x00003d    program     static C:\Users\USUARIO\Desktop\escuela 2019\Sistemas\programas\secuencia1.X\Retardos.inc
            Retardo_100ms   0x00003f    program     static C:\Users\USUARIO\Desktop\escuela 2019\Sistemas\programas\secuencia1.X\Retardos.inc
             Retardo_50ms   0x000041    program     static C:\Users\USUARIO\Desktop\escuela 2019\Sistemas\programas\secuencia1.X\Retardos.inc
             Retardo_20ms   0x000043    program     static C:\Users\USUARIO\Desktop\escuela 2019\Sistemas\programas\secuencia1.X\Retardos.inc
             Retardo_10ms   0x000045    program     static C:\Users\USUARIO\Desktop\escuela 2019\Sistemas\programas\secuencia1.X\Retardos.inc
              Retardo_5ms   0x000047    program     static C:\Users\USUARIO\Desktop\escuela 2019\Sistemas\programas\secuencia1.X\Retardos.inc
              Retardo_2ms   0x000049    program     static C:\Users\USUARIO\Desktop\escuela 2019\Sistemas\programas\secuencia1.X\Retardos.inc
              Retardo_1ms   0x00004b    program     static C:\Users\USUARIO\Desktop\escuela 2019\Sistemas\programas\secuencia1.X\Retardos.inc
              Retardos_ms   0x00004c    program     static C:\Users\USUARIO\Desktop\escuela 2019\Sistemas\programas\secuencia1.X\Retardos.inc
        R1ms_BucleExterno   0x00004d    program     static C:\Users\USUARIO\Desktop\escuela 2019\Sistemas\programas\secuencia1.X\Retardos.inc
        R1ms_BucleInterno   0x00004f    program     static C:\Users\USUARIO\Desktop\escuela 2019\Sistemas\programas\secuencia1.X\Retardos.inc
              Retardo_20s   0x000055    program     static C:\Users\USUARIO\Desktop\escuela 2019\Sistemas\programas\secuencia1.X\Retardos.inc
              Retardo_10s   0x000057    program     static C:\Users\USUARIO\Desktop\escuela 2019\Sistemas\programas\secuencia1.X\Retardos.inc
               Retardo_5s   0x000059    program     static C:\Users\USUARIO\Desktop\escuela 2019\Sistemas\programas\secuencia1.X\Retardos.inc
               Retardo_2s   0x00005b    program     static C:\Users\USUARIO\Desktop\escuela 2019\Sistemas\programas\secuencia1.X\Retardos.inc
               Retardo_1s   0x00005d    program     static C:\Users\USUARIO\Desktop\escuela 2019\Sistemas\programas\secuencia1.X\Retardos.inc
            Retardo_500ms   0x00005f    program     static C:\Users\USUARIO\Desktop\escuela 2019\Sistemas\programas\secuencia1.X\Retardos.inc
          Retardo_1Decima   0x000060    program     static C:\Users\USUARIO\Desktop\escuela 2019\Sistemas\programas\secuencia1.X\Retardos.inc
   R1Decima_BucleExterno2   0x000061    program     static C:\Users\USUARIO\Desktop\escuela 2019\Sistemas\programas\secuencia1.X\Retardos.inc
    R1Decima_BucleExterno   0x000063    program     static C:\Users\USUARIO\Desktop\escuela 2019\Sistemas\programas\secuencia1.X\Retardos.inc
    R1Decima_BucleInterno   0x000065    program     static C:\Users\USUARIO\Desktop\escuela 2019\Sistemas\programas\secuencia1.X\Retardos.inc


