MPLINK 5.08, LINKER
Linker Map File - Created Wed Nov 15 10:24:34 2017

                                 Section Info
                  Section       Type    Address   Location Size(Bytes)
                ---------  ---------  ---------  ---------  ---------
             RESET_VECTOR       code   0x000000    program   0x000004
                   .cinit    romdata   0x000002    program   0x000004
                MAIN_PROG       code   0x000004    program   0x0000e2
.config_2007_BUILD/DEFAULT/PRODUCTION/AUTOMAT       code   0x002007    program   0x000002
.config_2008_BUILD/DEFAULT/PRODUCTION/AUTOMAT       code   0x002008    program   0x000002



                              Program Memory Usage 
                               Start         End      
                           ---------   ---------      
                            0x000000    0x000074      
                            0x002007    0x002008      
            119 out of 8455 program addresses used, program memory utilization is 1%



                              Symbols - Sorted by Name
                     Name    Address   Location    Storage File                     
                ---------  ---------  ---------  --------- ---------                
    R1Decima_BucleExterno   0x00005a    program     static C:\Users\Angel\Desktop\nuevos\Automatico.X\RETARDOS.inc
   R1Decima_BucleExterno2   0x000058    program     static C:\Users\Angel\Desktop\nuevos\Automatico.X\RETARDOS.inc
    R1Decima_BucleInterno   0x00005c    program     static C:\Users\Angel\Desktop\nuevos\Automatico.X\RETARDOS.inc
        R1ms_BucleExterno   0x000044    program     static C:\Users\Angel\Desktop\nuevos\Automatico.X\RETARDOS.inc
        R1ms_BucleInterno   0x000046    program     static C:\Users\Angel\Desktop\nuevos\Automatico.X\RETARDOS.inc
            RetardoMicros   0x000030    program     static C:\Users\Angel\Desktop\nuevos\Automatico.X\RETARDOS.inc
        Retardo_100micros   0x00002a    program     static C:\Users\Angel\Desktop\nuevos\Automatico.X\RETARDOS.inc
            Retardo_100ms   0x000036    program     static C:\Users\Angel\Desktop\nuevos\Automatico.X\RETARDOS.inc
         Retardo_10micros   0x00001d    program     static C:\Users\Angel\Desktop\nuevos\Automatico.X\RETARDOS.inc
             Retardo_10ms   0x00003c    program     static C:\Users\Angel\Desktop\nuevos\Automatico.X\RETARDOS.inc
              Retardo_10s   0x00004e    program     static C:\Users\Angel\Desktop\nuevos\Automatico.X\RETARDOS.inc
          Retardo_1Decima   0x000057    program     static C:\Users\Angel\Desktop\nuevos\Automatico.X\RETARDOS.inc
              Retardo_1ms   0x000042    program     static C:\Users\Angel\Desktop\nuevos\Automatico.X\RETARDOS.inc
               Retardo_1s   0x000054    program     static C:\Users\Angel\Desktop\nuevos\Automatico.X\RETARDOS.inc
        Retardo_200micros   0x000027    program     static C:\Users\Angel\Desktop\nuevos\Automatico.X\RETARDOS.inc
            Retardo_200ms   0x000034    program     static C:\Users\Angel\Desktop\nuevos\Automatico.X\RETARDOS.inc
         Retardo_20micros   0x00002f    program     static C:\Users\Angel\Desktop\nuevos\Automatico.X\RETARDOS.inc
             Retardo_20ms   0x00003a    program     static C:\Users\Angel\Desktop\nuevos\Automatico.X\RETARDOS.inc
              Retardo_20s   0x00004c    program     static C:\Users\Angel\Desktop\nuevos\Automatico.X\RETARDOS.inc
              Retardo_2ms   0x000040    program     static C:\Users\Angel\Desktop\nuevos\Automatico.X\RETARDOS.inc
               Retardo_2s   0x000052    program     static C:\Users\Angel\Desktop\nuevos\Automatico.X\RETARDOS.inc
          Retardo_4micros   0x000023    program     static C:\Users\Angel\Desktop\nuevos\Automatico.X\RETARDOS.inc
        Retardo_500micros   0x000024    program     static C:\Users\Angel\Desktop\nuevos\Automatico.X\RETARDOS.inc
            Retardo_500ms   0x000056    program     static C:\Users\Angel\Desktop\nuevos\Automatico.X\RETARDOS.inc
         Retardo_50micros   0x00002c    program     static C:\Users\Angel\Desktop\nuevos\Automatico.X\RETARDOS.inc
             Retardo_50ms   0x000038    program     static C:\Users\Angel\Desktop\nuevos\Automatico.X\RETARDOS.inc
          Retardo_5micros   0x000022    program     static C:\Users\Angel\Desktop\nuevos\Automatico.X\RETARDOS.inc
              Retardo_5ms   0x00003e    program     static C:\Users\Angel\Desktop\nuevos\Automatico.X\RETARDOS.inc
               Retardo_5s   0x000050    program     static C:\Users\Angel\Desktop\nuevos\Automatico.X\RETARDOS.inc
              Retardos_ms   0x000043    program     static C:\Users\Angel\Desktop\nuevos\Automatico.X\RETARDOS.inc
            Rmicros_Bucle   0x000031    program     static C:\Users\Angel\Desktop\nuevos\Automatico.X\RETARDOS.inc
                    SERRA   0x000064    program     static C:\Users\Angel\Desktop\nuevos\Automatico.X\Automatico.asm
                     otra   0x000011    program     static C:\Users\Angel\Desktop\nuevos\Automatico.X\Automatico.asm
                 programa   0x00000c    program     static C:\Users\Angel\Desktop\nuevos\Automatico.X\Automatico.asm
                    start   0x000004    program     static C:\Users\Angel\Desktop\nuevos\Automatico.X\Automatico.asm



                              Symbols - Sorted by Address
                     Name    Address   Location    Storage File                     
                ---------  ---------  ---------  --------- ---------                
                    start   0x000004    program     static C:\Users\Angel\Desktop\nuevos\Automatico.X\Automatico.asm
                 programa   0x00000c    program     static C:\Users\Angel\Desktop\nuevos\Automatico.X\Automatico.asm
                     otra   0x000011    program     static C:\Users\Angel\Desktop\nuevos\Automatico.X\Automatico.asm
         Retardo_10micros   0x00001d    program     static C:\Users\Angel\Desktop\nuevos\Automatico.X\RETARDOS.inc
          Retardo_5micros   0x000022    program     static C:\Users\Angel\Desktop\nuevos\Automatico.X\RETARDOS.inc
          Retardo_4micros   0x000023    program     static C:\Users\Angel\Desktop\nuevos\Automatico.X\RETARDOS.inc
        Retardo_500micros   0x000024    program     static C:\Users\Angel\Desktop\nuevos\Automatico.X\RETARDOS.inc
        Retardo_200micros   0x000027    program     static C:\Users\Angel\Desktop\nuevos\Automatico.X\RETARDOS.inc
        Retardo_100micros   0x00002a    program     static C:\Users\Angel\Desktop\nuevos\Automatico.X\RETARDOS.inc
         Retardo_50micros   0x00002c    program     static C:\Users\Angel\Desktop\nuevos\Automatico.X\RETARDOS.inc
         Retardo_20micros   0x00002f    program     static C:\Users\Angel\Desktop\nuevos\Automatico.X\RETARDOS.inc
            RetardoMicros   0x000030    program     static C:\Users\Angel\Desktop\nuevos\Automatico.X\RETARDOS.inc
            Rmicros_Bucle   0x000031    program     static C:\Users\Angel\Desktop\nuevos\Automatico.X\RETARDOS.inc
            Retardo_200ms   0x000034    program     static C:\Users\Angel\Desktop\nuevos\Automatico.X\RETARDOS.inc
            Retardo_100ms   0x000036    program     static C:\Users\Angel\Desktop\nuevos\Automatico.X\RETARDOS.inc
             Retardo_50ms   0x000038    program     static C:\Users\Angel\Desktop\nuevos\Automatico.X\RETARDOS.inc
             Retardo_20ms   0x00003a    program     static C:\Users\Angel\Desktop\nuevos\Automatico.X\RETARDOS.inc
             Retardo_10ms   0x00003c    program     static C:\Users\Angel\Desktop\nuevos\Automatico.X\RETARDOS.inc
              Retardo_5ms   0x00003e    program     static C:\Users\Angel\Desktop\nuevos\Automatico.X\RETARDOS.inc
              Retardo_2ms   0x000040    program     static C:\Users\Angel\Desktop\nuevos\Automatico.X\RETARDOS.inc
              Retardo_1ms   0x000042    program     static C:\Users\Angel\Desktop\nuevos\Automatico.X\RETARDOS.inc
              Retardos_ms   0x000043    program     static C:\Users\Angel\Desktop\nuevos\Automatico.X\RETARDOS.inc
        R1ms_BucleExterno   0x000044    program     static C:\Users\Angel\Desktop\nuevos\Automatico.X\RETARDOS.inc
        R1ms_BucleInterno   0x000046    program     static C:\Users\Angel\Desktop\nuevos\Automatico.X\RETARDOS.inc
              Retardo_20s   0x00004c    program     static C:\Users\Angel\Desktop\nuevos\Automatico.X\RETARDOS.inc
              Retardo_10s   0x00004e    program     static C:\Users\Angel\Desktop\nuevos\Automatico.X\RETARDOS.inc
               Retardo_5s   0x000050    program     static C:\Users\Angel\Desktop\nuevos\Automatico.X\RETARDOS.inc
               Retardo_2s   0x000052    program     static C:\Users\Angel\Desktop\nuevos\Automatico.X\RETARDOS.inc
               Retardo_1s   0x000054    program     static C:\Users\Angel\Desktop\nuevos\Automatico.X\RETARDOS.inc
            Retardo_500ms   0x000056    program     static C:\Users\Angel\Desktop\nuevos\Automatico.X\RETARDOS.inc
          Retardo_1Decima   0x000057    program     static C:\Users\Angel\Desktop\nuevos\Automatico.X\RETARDOS.inc
   R1Decima_BucleExterno2   0x000058    program     static C:\Users\Angel\Desktop\nuevos\Automatico.X\RETARDOS.inc
    R1Decima_BucleExterno   0x00005a    program     static C:\Users\Angel\Desktop\nuevos\Automatico.X\RETARDOS.inc
    R1Decima_BucleInterno   0x00005c    program     static C:\Users\Angel\Desktop\nuevos\Automatico.X\RETARDOS.inc
                    SERRA   0x000064    program     static C:\Users\Angel\Desktop\nuevos\Automatico.X\Automatico.asm


