MPLINK 4.46, Linker
Linker Map File - Created Sun May 28 03:26:26 2017

                                 Section Info
                  Section       Type    Address   Location Size(Bytes)
                ---------  ---------  ---------  ---------  ---------
                   .org_0       code   0x000000    program   0x000000
                   .org_1       code   0x000000    program   0x000080
.config_2007_DIVISIONNIBLES.O       code   0x002007    program   0x000002
.config_2008_DIVISIONNIBLES.O       code   0x002008    program   0x000002



                              Program Memory Usage 
                               Start         End      
                           ---------   ---------      
                            0x000000    0x00003f      
                            0x002007    0x002008      
            66 out of 8455 program addresses used, program memory utilization is 0%



                              Symbols - Sorted by Name
                     Name    Address   Location    Storage File                     
                ---------  ---------  ---------  --------- ---------                
          DivisionPorCero   0x00001e    program     static C:\Users\José Roberto\Documents\Ensambladores\DivisionDeNibles\DivisionNibles.asm
                   INICIO   0x000002    program     static C:\Users\José Roberto\Documents\Ensambladores\DivisionDeNibles\DivisionNibles.asm
                    Igual   0x00003c    program     static C:\Users\José Roberto\Documents\Ensambladores\DivisionDeNibles\DivisionNibles.asm
                    Mayor   0x000029    program     static C:\Users\José Roberto\Documents\Ensambladores\DivisionDeNibles\DivisionNibles.asm
               MayorIgual   0x000027    program     static C:\Users\José Roberto\Documents\Ensambladores\DivisionDeNibles\DivisionNibles.asm
              MayorIgual2   0x000039    program     static C:\Users\José Roberto\Documents\Ensambladores\DivisionDeNibles\DivisionNibles.asm
                    Menor   0x000024    program     static C:\Users\José Roberto\Documents\Ensambladores\DivisionDeNibles\DivisionNibles.asm
                   Menor2   0x00002e    program     static C:\Users\José Roberto\Documents\Ensambladores\DivisionDeNibles\DivisionNibles.asm
                PRINCIPAL   0x00000c    program     static C:\Users\José Roberto\Documents\Ensambladores\DivisionDeNibles\DivisionNibles.asm
              RestaDeTest   0x000021    program     static C:\Users\José Roberto\Documents\Ensambladores\DivisionDeNibles\DivisionNibles.asm



                              Symbols - Sorted by Address
                     Name    Address   Location    Storage File                     
                ---------  ---------  ---------  --------- ---------                
                   INICIO   0x000002    program     static C:\Users\José Roberto\Documents\Ensambladores\DivisionDeNibles\DivisionNibles.asm
                PRINCIPAL   0x00000c    program     static C:\Users\José Roberto\Documents\Ensambladores\DivisionDeNibles\DivisionNibles.asm
          DivisionPorCero   0x00001e    program     static C:\Users\José Roberto\Documents\Ensambladores\DivisionDeNibles\DivisionNibles.asm
              RestaDeTest   0x000021    program     static C:\Users\José Roberto\Documents\Ensambladores\DivisionDeNibles\DivisionNibles.asm
                    Menor   0x000024    program     static C:\Users\José Roberto\Documents\Ensambladores\DivisionDeNibles\DivisionNibles.asm
               MayorIgual   0x000027    program     static C:\Users\José Roberto\Documents\Ensambladores\DivisionDeNibles\DivisionNibles.asm
                    Mayor   0x000029    program     static C:\Users\José Roberto\Documents\Ensambladores\DivisionDeNibles\DivisionNibles.asm
                   Menor2   0x00002e    program     static C:\Users\José Roberto\Documents\Ensambladores\DivisionDeNibles\DivisionNibles.asm
              MayorIgual2   0x000039    program     static C:\Users\José Roberto\Documents\Ensambladores\DivisionDeNibles\DivisionNibles.asm
                    Igual   0x00003c    program     static C:\Users\José Roberto\Documents\Ensambladores\DivisionDeNibles\DivisionNibles.asm


