MPLINK 4.46, Linker
Linker Map File - Created Sat May 27 21:23:54 2017

                                 Section Info
                  Section       Type    Address   Location Size(Bytes)
                ---------  ---------  ---------  ---------  ---------
                   .org_0       code   0x000000    program   0x000000
                   .org_1       code   0x000000    program   0x00004a
 .config_2007_REGISTROS.O       code   0x002007    program   0x000002
 .config_2008_REGISTROS.O       code   0x002008    program   0x000002



                              Program Memory Usage 
                               Start         End      
                           ---------   ---------      
                            0x000000    0x000024      
                            0x002007    0x002008      
            39 out of 8455 program addresses used, program memory utilization is 0%



                              Symbols - Sorted by Name
                     Name    Address   Location    Storage File                     
                ---------  ---------  ---------  --------- ---------                
                   INICIO   0x000002    program     static C:\Users\José Roberto\Documents\Ensambladores\DiferenciarRegistros\Registros.asm
                    Igual   0x000021    program     static C:\Users\José Roberto\Documents\Ensambladores\DiferenciarRegistros\Registros.asm
                    Mayor   0x00001e    program     static C:\Users\José Roberto\Documents\Ensambladores\DiferenciarRegistros\Registros.asm
               MayorIgual   0x00001c    program     static C:\Users\José Roberto\Documents\Ensambladores\DiferenciarRegistros\Registros.asm
                    Menor   0x000019    program     static C:\Users\José Roberto\Documents\Ensambladores\DiferenciarRegistros\Registros.asm
                PRINCIPAL   0x00000c    program     static C:\Users\José Roberto\Documents\Ensambladores\DiferenciarRegistros\Registros.asm



                              Symbols - Sorted by Address
                     Name    Address   Location    Storage File                     
                ---------  ---------  ---------  --------- ---------                
                   INICIO   0x000002    program     static C:\Users\José Roberto\Documents\Ensambladores\DiferenciarRegistros\Registros.asm
                PRINCIPAL   0x00000c    program     static C:\Users\José Roberto\Documents\Ensambladores\DiferenciarRegistros\Registros.asm
                    Menor   0x000019    program     static C:\Users\José Roberto\Documents\Ensambladores\DiferenciarRegistros\Registros.asm
               MayorIgual   0x00001c    program     static C:\Users\José Roberto\Documents\Ensambladores\DiferenciarRegistros\Registros.asm
                    Mayor   0x00001e    program     static C:\Users\José Roberto\Documents\Ensambladores\DiferenciarRegistros\Registros.asm
                    Igual   0x000021    program     static C:\Users\José Roberto\Documents\Ensambladores\DiferenciarRegistros\Registros.asm


