MPLINK 5.09, LINKER
Linker Map File - Created Wed Mar 13 10:10:21 2019

                                 Section Info
                  Section       Type    Address   Location Size(Bytes)
                ---------  ---------  ---------  ---------  ---------
                   .org_0       code   0x000000    program   0x0000cc
                   .cinit    romdata   0x000066    program   0x000004
.config_2007_BUILD/DEFAULT/PRODUCTION/SECUENC       code   0x002007    program   0x000002
.config_2008_BUILD/DEFAULT/PRODUCTION/SECUENC       code   0x002008    program   0x000002



                              Program Memory Usage 
                               Start         End      
                           ---------   ---------      
                            0x000000    0x000067      
                            0x002007    0x002008      
            106 out of 8455 program addresses used, program memory utilization is 1%



                              Symbols - Sorted by Name
                     Name    Address   Location    Storage File                     
                ---------  ---------  ---------  --------- ---------                
                   INICIO   0x000002    program     static C:\Users\USUARIO\Desktop\escuela 2019\Sistemas\nuevos\Secuencia.X\Secuencia.asm
                PRINCIPAL   0x00000d    program     static C:\Users\USUARIO\Desktop\escuela 2019\Sistemas\nuevos\Secuencia.X\Secuencia.asm
    R1Decima_BucleExterno   0x00005c    program     static C:\Users\USUARIO\Desktop\escuela 2019\Sistemas\nuevos\Secuencia.X\Retardos.inc
   R1Decima_BucleExterno2   0x00005a    program     static C:\Users\USUARIO\Desktop\escuela 2019\Sistemas\nuevos\Secuencia.X\Retardos.inc
    R1Decima_BucleInterno   0x00005e    program     static C:\Users\USUARIO\Desktop\escuela 2019\Sistemas\nuevos\Secuencia.X\Retardos.inc
        R1ms_BucleExterno   0x000046    program     static C:\Users\USUARIO\Desktop\escuela 2019\Sistemas\nuevos\Secuencia.X\Retardos.inc
        R1ms_BucleInterno   0x000048    program     static C:\Users\USUARIO\Desktop\escuela 2019\Sistemas\nuevos\Secuencia.X\Retardos.inc
                    RUT_1   0x00000f    program     static C:\Users\USUARIO\Desktop\escuela 2019\Sistemas\nuevos\Secuencia.X\Secuencia.asm
                    RUT_2   0x000017    program     static C:\Users\USUARIO\Desktop\escuela 2019\Sistemas\nuevos\Secuencia.X\Secuencia.asm
            RetardoMicros   0x000032    program     static C:\Users\USUARIO\Desktop\escuela 2019\Sistemas\nuevos\Secuencia.X\Retardos.inc
        Retardo_100micros   0x00002c    program     static C:\Users\USUARIO\Desktop\escuela 2019\Sistemas\nuevos\Secuencia.X\Retardos.inc
            Retardo_100ms   0x000038    program     static C:\Users\USUARIO\Desktop\escuela 2019\Sistemas\nuevos\Secuencia.X\Retardos.inc
         Retardo_10micros   0x00001f    program     static C:\Users\USUARIO\Desktop\escuela 2019\Sistemas\nuevos\Secuencia.X\Retardos.inc
             Retardo_10ms   0x00003e    program     static C:\Users\USUARIO\Desktop\escuela 2019\Sistemas\nuevos\Secuencia.X\Retardos.inc
              Retardo_10s   0x000050    program     static C:\Users\USUARIO\Desktop\escuela 2019\Sistemas\nuevos\Secuencia.X\Retardos.inc
          Retardo_1Decima   0x000059    program     static C:\Users\USUARIO\Desktop\escuela 2019\Sistemas\nuevos\Secuencia.X\Retardos.inc
              Retardo_1ms   0x000044    program     static C:\Users\USUARIO\Desktop\escuela 2019\Sistemas\nuevos\Secuencia.X\Retardos.inc
               Retardo_1s   0x000056    program     static C:\Users\USUARIO\Desktop\escuela 2019\Sistemas\nuevos\Secuencia.X\Retardos.inc
        Retardo_200micros   0x000029    program     static C:\Users\USUARIO\Desktop\escuela 2019\Sistemas\nuevos\Secuencia.X\Retardos.inc
            Retardo_200ms   0x000036    program     static C:\Users\USUARIO\Desktop\escuela 2019\Sistemas\nuevos\Secuencia.X\Retardos.inc
         Retardo_20micros   0x000031    program     static C:\Users\USUARIO\Desktop\escuela 2019\Sistemas\nuevos\Secuencia.X\Retardos.inc
             Retardo_20ms   0x00003c    program     static C:\Users\USUARIO\Desktop\escuela 2019\Sistemas\nuevos\Secuencia.X\Retardos.inc
              Retardo_20s   0x00004e    program     static C:\Users\USUARIO\Desktop\escuela 2019\Sistemas\nuevos\Secuencia.X\Retardos.inc
              Retardo_2ms   0x000042    program     static C:\Users\USUARIO\Desktop\escuela 2019\Sistemas\nuevos\Secuencia.X\Retardos.inc
               Retardo_2s   0x000054    program     static C:\Users\USUARIO\Desktop\escuela 2019\Sistemas\nuevos\Secuencia.X\Retardos.inc
          Retardo_4micros   0x000025    program     static C:\Users\USUARIO\Desktop\escuela 2019\Sistemas\nuevos\Secuencia.X\Retardos.inc
        Retardo_500micros   0x000026    program     static C:\Users\USUARIO\Desktop\escuela 2019\Sistemas\nuevos\Secuencia.X\Retardos.inc
            Retardo_500ms   0x000058    program     static C:\Users\USUARIO\Desktop\escuela 2019\Sistemas\nuevos\Secuencia.X\Retardos.inc
         Retardo_50micros   0x00002e    program     static C:\Users\USUARIO\Desktop\escuela 2019\Sistemas\nuevos\Secuencia.X\Retardos.inc
             Retardo_50ms   0x00003a    program     static C:\Users\USUARIO\Desktop\escuela 2019\Sistemas\nuevos\Secuencia.X\Retardos.inc
          Retardo_5micros   0x000024    program     static C:\Users\USUARIO\Desktop\escuela 2019\Sistemas\nuevos\Secuencia.X\Retardos.inc
              Retardo_5ms   0x000040    program     static C:\Users\USUARIO\Desktop\escuela 2019\Sistemas\nuevos\Secuencia.X\Retardos.inc
               Retardo_5s   0x000052    program     static C:\Users\USUARIO\Desktop\escuela 2019\Sistemas\nuevos\Secuencia.X\Retardos.inc
              Retardos_ms   0x000045    program     static C:\Users\USUARIO\Desktop\escuela 2019\Sistemas\nuevos\Secuencia.X\Retardos.inc
            Rmicros_Bucle   0x000033    program     static C:\Users\USUARIO\Desktop\escuela 2019\Sistemas\nuevos\Secuencia.X\Retardos.inc



                              Symbols - Sorted by Address
                     Name    Address   Location    Storage File                     
                ---------  ---------  ---------  --------- ---------                
                   INICIO   0x000002    program     static C:\Users\USUARIO\Desktop\escuela 2019\Sistemas\nuevos\Secuencia.X\Secuencia.asm
                PRINCIPAL   0x00000d    program     static C:\Users\USUARIO\Desktop\escuela 2019\Sistemas\nuevos\Secuencia.X\Secuencia.asm
                    RUT_1   0x00000f    program     static C:\Users\USUARIO\Desktop\escuela 2019\Sistemas\nuevos\Secuencia.X\Secuencia.asm
                    RUT_2   0x000017    program     static C:\Users\USUARIO\Desktop\escuela 2019\Sistemas\nuevos\Secuencia.X\Secuencia.asm
         Retardo_10micros   0x00001f    program     static C:\Users\USUARIO\Desktop\escuela 2019\Sistemas\nuevos\Secuencia.X\Retardos.inc
          Retardo_5micros   0x000024    program     static C:\Users\USUARIO\Desktop\escuela 2019\Sistemas\nuevos\Secuencia.X\Retardos.inc
          Retardo_4micros   0x000025    program     static C:\Users\USUARIO\Desktop\escuela 2019\Sistemas\nuevos\Secuencia.X\Retardos.inc
        Retardo_500micros   0x000026    program     static C:\Users\USUARIO\Desktop\escuela 2019\Sistemas\nuevos\Secuencia.X\Retardos.inc
        Retardo_200micros   0x000029    program     static C:\Users\USUARIO\Desktop\escuela 2019\Sistemas\nuevos\Secuencia.X\Retardos.inc
        Retardo_100micros   0x00002c    program     static C:\Users\USUARIO\Desktop\escuela 2019\Sistemas\nuevos\Secuencia.X\Retardos.inc
         Retardo_50micros   0x00002e    program     static C:\Users\USUARIO\Desktop\escuela 2019\Sistemas\nuevos\Secuencia.X\Retardos.inc
         Retardo_20micros   0x000031    program     static C:\Users\USUARIO\Desktop\escuela 2019\Sistemas\nuevos\Secuencia.X\Retardos.inc
            RetardoMicros   0x000032    program     static C:\Users\USUARIO\Desktop\escuela 2019\Sistemas\nuevos\Secuencia.X\Retardos.inc
            Rmicros_Bucle   0x000033    program     static C:\Users\USUARIO\Desktop\escuela 2019\Sistemas\nuevos\Secuencia.X\Retardos.inc
            Retardo_200ms   0x000036    program     static C:\Users\USUARIO\Desktop\escuela 2019\Sistemas\nuevos\Secuencia.X\Retardos.inc
            Retardo_100ms   0x000038    program     static C:\Users\USUARIO\Desktop\escuela 2019\Sistemas\nuevos\Secuencia.X\Retardos.inc
             Retardo_50ms   0x00003a    program     static C:\Users\USUARIO\Desktop\escuela 2019\Sistemas\nuevos\Secuencia.X\Retardos.inc
             Retardo_20ms   0x00003c    program     static C:\Users\USUARIO\Desktop\escuela 2019\Sistemas\nuevos\Secuencia.X\Retardos.inc
             Retardo_10ms   0x00003e    program     static C:\Users\USUARIO\Desktop\escuela 2019\Sistemas\nuevos\Secuencia.X\Retardos.inc
              Retardo_5ms   0x000040    program     static C:\Users\USUARIO\Desktop\escuela 2019\Sistemas\nuevos\Secuencia.X\Retardos.inc
              Retardo_2ms   0x000042    program     static C:\Users\USUARIO\Desktop\escuela 2019\Sistemas\nuevos\Secuencia.X\Retardos.inc
              Retardo_1ms   0x000044    program     static C:\Users\USUARIO\Desktop\escuela 2019\Sistemas\nuevos\Secuencia.X\Retardos.inc
              Retardos_ms   0x000045    program     static C:\Users\USUARIO\Desktop\escuela 2019\Sistemas\nuevos\Secuencia.X\Retardos.inc
        R1ms_BucleExterno   0x000046    program     static C:\Users\USUARIO\Desktop\escuela 2019\Sistemas\nuevos\Secuencia.X\Retardos.inc
        R1ms_BucleInterno   0x000048    program     static C:\Users\USUARIO\Desktop\escuela 2019\Sistemas\nuevos\Secuencia.X\Retardos.inc
              Retardo_20s   0x00004e    program     static C:\Users\USUARIO\Desktop\escuela 2019\Sistemas\nuevos\Secuencia.X\Retardos.inc
              Retardo_10s   0x000050    program     static C:\Users\USUARIO\Desktop\escuela 2019\Sistemas\nuevos\Secuencia.X\Retardos.inc
               Retardo_5s   0x000052    program     static C:\Users\USUARIO\Desktop\escuela 2019\Sistemas\nuevos\Secuencia.X\Retardos.inc
               Retardo_2s   0x000054    program     static C:\Users\USUARIO\Desktop\escuela 2019\Sistemas\nuevos\Secuencia.X\Retardos.inc
               Retardo_1s   0x000056    program     static C:\Users\USUARIO\Desktop\escuela 2019\Sistemas\nuevos\Secuencia.X\Retardos.inc
            Retardo_500ms   0x000058    program     static C:\Users\USUARIO\Desktop\escuela 2019\Sistemas\nuevos\Secuencia.X\Retardos.inc
          Retardo_1Decima   0x000059    program     static C:\Users\USUARIO\Desktop\escuela 2019\Sistemas\nuevos\Secuencia.X\Retardos.inc
   R1Decima_BucleExterno2   0x00005a    program     static C:\Users\USUARIO\Desktop\escuela 2019\Sistemas\nuevos\Secuencia.X\Retardos.inc
    R1Decima_BucleExterno   0x00005c    program     static C:\Users\USUARIO\Desktop\escuela 2019\Sistemas\nuevos\Secuencia.X\Retardos.inc
    R1Decima_BucleInterno   0x00005e    program     static C:\Users\USUARIO\Desktop\escuela 2019\Sistemas\nuevos\Secuencia.X\Retardos.inc


