MPLINK 5.09, LINKER
Linker Map File - Created Tue Mar 05 23:49:34 2019

                                 Section Info
                  Section       Type    Address   Location Size(Bytes)
                ---------  ---------  ---------  ---------  ---------
             RESET_VECTOR       code   0x000000    program   0x000004
                   .cinit    romdata   0x000002    program   0x000004
                MAIN_PROG       code   0x000004    program   0x000150
.config_2007_BUILD/DEFAULT/PRODUCTION/PRACTIC       code   0x002007    program   0x000002
.config_2008_BUILD/DEFAULT/PRODUCTION/PRACTIC       code   0x002008    program   0x000002



                              Program Memory Usage 
                               Start         End      
                           ---------   ---------      
                            0x000000    0x0000ab      
                            0x002007    0x002008      
            174 out of 8455 program addresses used, program memory utilization is 2%



                              Symbols - Sorted by Name
                     Name    Address   Location    Storage File                     
                ---------  ---------  ---------  --------- ---------                
                Combinado   0x000032    program     static C:\Users\USUARIO\Desktop\W7AIOSP1\nuevos\Practica6.X\Practica6.asm
    R1Decima_BucleExterno   0x000099    program     static C:\Users\USUARIO\Desktop\W7AIOSP1\nuevos\Practica6.X\RETARDOS.inc
   R1Decima_BucleExterno2   0x000097    program     static C:\Users\USUARIO\Desktop\W7AIOSP1\nuevos\Practica6.X\RETARDOS.inc
    R1Decima_BucleInterno   0x00009b    program     static C:\Users\USUARIO\Desktop\W7AIOSP1\nuevos\Practica6.X\RETARDOS.inc
        R1ms_BucleExterno   0x000083    program     static C:\Users\USUARIO\Desktop\W7AIOSP1\nuevos\Practica6.X\RETARDOS.inc
        R1ms_BucleInterno   0x000085    program     static C:\Users\USUARIO\Desktop\W7AIOSP1\nuevos\Practica6.X\RETARDOS.inc
            RetardoMicros   0x00006f    program     static C:\Users\USUARIO\Desktop\W7AIOSP1\nuevos\Practica6.X\RETARDOS.inc
        Retardo_100micros   0x000069    program     static C:\Users\USUARIO\Desktop\W7AIOSP1\nuevos\Practica6.X\RETARDOS.inc
            Retardo_100ms   0x000075    program     static C:\Users\USUARIO\Desktop\W7AIOSP1\nuevos\Practica6.X\RETARDOS.inc
         Retardo_10micros   0x00005c    program     static C:\Users\USUARIO\Desktop\W7AIOSP1\nuevos\Practica6.X\RETARDOS.inc
             Retardo_10ms   0x00007b    program     static C:\Users\USUARIO\Desktop\W7AIOSP1\nuevos\Practica6.X\RETARDOS.inc
              Retardo_10s   0x00008d    program     static C:\Users\USUARIO\Desktop\W7AIOSP1\nuevos\Practica6.X\RETARDOS.inc
          Retardo_1Decima   0x000096    program     static C:\Users\USUARIO\Desktop\W7AIOSP1\nuevos\Practica6.X\RETARDOS.inc
              Retardo_1ms   0x000081    program     static C:\Users\USUARIO\Desktop\W7AIOSP1\nuevos\Practica6.X\RETARDOS.inc
               Retardo_1s   0x000093    program     static C:\Users\USUARIO\Desktop\W7AIOSP1\nuevos\Practica6.X\RETARDOS.inc
        Retardo_200micros   0x000066    program     static C:\Users\USUARIO\Desktop\W7AIOSP1\nuevos\Practica6.X\RETARDOS.inc
            Retardo_200ms   0x000073    program     static C:\Users\USUARIO\Desktop\W7AIOSP1\nuevos\Practica6.X\RETARDOS.inc
         Retardo_20micros   0x00006e    program     static C:\Users\USUARIO\Desktop\W7AIOSP1\nuevos\Practica6.X\RETARDOS.inc
             Retardo_20ms   0x000079    program     static C:\Users\USUARIO\Desktop\W7AIOSP1\nuevos\Practica6.X\RETARDOS.inc
              Retardo_20s   0x00008b    program     static C:\Users\USUARIO\Desktop\W7AIOSP1\nuevos\Practica6.X\RETARDOS.inc
              Retardo_2ms   0x00007f    program     static C:\Users\USUARIO\Desktop\W7AIOSP1\nuevos\Practica6.X\RETARDOS.inc
               Retardo_2s   0x000091    program     static C:\Users\USUARIO\Desktop\W7AIOSP1\nuevos\Practica6.X\RETARDOS.inc
          Retardo_4micros   0x000062    program     static C:\Users\USUARIO\Desktop\W7AIOSP1\nuevos\Practica6.X\RETARDOS.inc
        Retardo_500micros   0x000063    program     static C:\Users\USUARIO\Desktop\W7AIOSP1\nuevos\Practica6.X\RETARDOS.inc
            Retardo_500ms   0x000095    program     static C:\Users\USUARIO\Desktop\W7AIOSP1\nuevos\Practica6.X\RETARDOS.inc
         Retardo_50micros   0x00006b    program     static C:\Users\USUARIO\Desktop\W7AIOSP1\nuevos\Practica6.X\RETARDOS.inc
             Retardo_50ms   0x000077    program     static C:\Users\USUARIO\Desktop\W7AIOSP1\nuevos\Practica6.X\RETARDOS.inc
          Retardo_5micros   0x000061    program     static C:\Users\USUARIO\Desktop\W7AIOSP1\nuevos\Practica6.X\RETARDOS.inc
              Retardo_5ms   0x00007d    program     static C:\Users\USUARIO\Desktop\W7AIOSP1\nuevos\Practica6.X\RETARDOS.inc
               Retardo_5s   0x00008f    program     static C:\Users\USUARIO\Desktop\W7AIOSP1\nuevos\Practica6.X\RETARDOS.inc
              Retardos_ms   0x000082    program     static C:\Users\USUARIO\Desktop\W7AIOSP1\nuevos\Practica6.X\RETARDOS.inc
            Rmicros_Bucle   0x000070    program     static C:\Users\USUARIO\Desktop\W7AIOSP1\nuevos\Practica6.X\RETARDOS.inc
              RotaDerecha   0x00001c    program     static C:\Users\USUARIO\Desktop\W7AIOSP1\nuevos\Practica6.X\Practica6.asm
            RotaIzquierda   0x000027    program     static C:\Users\USUARIO\Desktop\W7AIOSP1\nuevos\Practica6.X\Practica6.asm
              RotaPrimero   0x000032    program     static C:\Users\USUARIO\Desktop\W7AIOSP1\nuevos\Practica6.X\Practica6.asm
              RotaSegundo   0x00003d    program     static C:\Users\USUARIO\Desktop\W7AIOSP1\nuevos\Practica6.X\Practica6.asm
                    SERRA   0x0000a3    program     static C:\Users\USUARIO\Desktop\W7AIOSP1\nuevos\Practica6.X\Practica6.asm
                Secuencia   0x000048    program     static C:\Users\USUARIO\Desktop\W7AIOSP1\nuevos\Practica6.X\Practica6.asm
                     otra   0x00004d    program     static C:\Users\USUARIO\Desktop\W7AIOSP1\nuevos\Practica6.X\Practica6.asm
                     p1e0   0x000012    program     static C:\Users\USUARIO\Desktop\W7AIOSP1\nuevos\Practica6.X\Practica6.asm
                     p1e1   0x000017    program     static C:\Users\USUARIO\Desktop\W7AIOSP1\nuevos\Practica6.X\Practica6.asm
                 pregunta   0x00000f    program     static C:\Users\USUARIO\Desktop\W7AIOSP1\nuevos\Practica6.X\Practica6.asm
                    start   0x000004    program     static C:\Users\USUARIO\Desktop\W7AIOSP1\nuevos\Practica6.X\Practica6.asm



                              Symbols - Sorted by Address
                     Name    Address   Location    Storage File                     
                ---------  ---------  ---------  --------- ---------                
                    start   0x000004    program     static C:\Users\USUARIO\Desktop\W7AIOSP1\nuevos\Practica6.X\Practica6.asm
                 pregunta   0x00000f    program     static C:\Users\USUARIO\Desktop\W7AIOSP1\nuevos\Practica6.X\Practica6.asm
                     p1e0   0x000012    program     static C:\Users\USUARIO\Desktop\W7AIOSP1\nuevos\Practica6.X\Practica6.asm
                     p1e1   0x000017    program     static C:\Users\USUARIO\Desktop\W7AIOSP1\nuevos\Practica6.X\Practica6.asm
              RotaDerecha   0x00001c    program     static C:\Users\USUARIO\Desktop\W7AIOSP1\nuevos\Practica6.X\Practica6.asm
            RotaIzquierda   0x000027    program     static C:\Users\USUARIO\Desktop\W7AIOSP1\nuevos\Practica6.X\Practica6.asm
              RotaPrimero   0x000032    program     static C:\Users\USUARIO\Desktop\W7AIOSP1\nuevos\Practica6.X\Practica6.asm
                Combinado   0x000032    program     static C:\Users\USUARIO\Desktop\W7AIOSP1\nuevos\Practica6.X\Practica6.asm
              RotaSegundo   0x00003d    program     static C:\Users\USUARIO\Desktop\W7AIOSP1\nuevos\Practica6.X\Practica6.asm
                Secuencia   0x000048    program     static C:\Users\USUARIO\Desktop\W7AIOSP1\nuevos\Practica6.X\Practica6.asm
                     otra   0x00004d    program     static C:\Users\USUARIO\Desktop\W7AIOSP1\nuevos\Practica6.X\Practica6.asm
         Retardo_10micros   0x00005c    program     static C:\Users\USUARIO\Desktop\W7AIOSP1\nuevos\Practica6.X\RETARDOS.inc
          Retardo_5micros   0x000061    program     static C:\Users\USUARIO\Desktop\W7AIOSP1\nuevos\Practica6.X\RETARDOS.inc
          Retardo_4micros   0x000062    program     static C:\Users\USUARIO\Desktop\W7AIOSP1\nuevos\Practica6.X\RETARDOS.inc
        Retardo_500micros   0x000063    program     static C:\Users\USUARIO\Desktop\W7AIOSP1\nuevos\Practica6.X\RETARDOS.inc
        Retardo_200micros   0x000066    program     static C:\Users\USUARIO\Desktop\W7AIOSP1\nuevos\Practica6.X\RETARDOS.inc
        Retardo_100micros   0x000069    program     static C:\Users\USUARIO\Desktop\W7AIOSP1\nuevos\Practica6.X\RETARDOS.inc
         Retardo_50micros   0x00006b    program     static C:\Users\USUARIO\Desktop\W7AIOSP1\nuevos\Practica6.X\RETARDOS.inc
         Retardo_20micros   0x00006e    program     static C:\Users\USUARIO\Desktop\W7AIOSP1\nuevos\Practica6.X\RETARDOS.inc
            RetardoMicros   0x00006f    program     static C:\Users\USUARIO\Desktop\W7AIOSP1\nuevos\Practica6.X\RETARDOS.inc
            Rmicros_Bucle   0x000070    program     static C:\Users\USUARIO\Desktop\W7AIOSP1\nuevos\Practica6.X\RETARDOS.inc
            Retardo_200ms   0x000073    program     static C:\Users\USUARIO\Desktop\W7AIOSP1\nuevos\Practica6.X\RETARDOS.inc
            Retardo_100ms   0x000075    program     static C:\Users\USUARIO\Desktop\W7AIOSP1\nuevos\Practica6.X\RETARDOS.inc
             Retardo_50ms   0x000077    program     static C:\Users\USUARIO\Desktop\W7AIOSP1\nuevos\Practica6.X\RETARDOS.inc
             Retardo_20ms   0x000079    program     static C:\Users\USUARIO\Desktop\W7AIOSP1\nuevos\Practica6.X\RETARDOS.inc
             Retardo_10ms   0x00007b    program     static C:\Users\USUARIO\Desktop\W7AIOSP1\nuevos\Practica6.X\RETARDOS.inc
              Retardo_5ms   0x00007d    program     static C:\Users\USUARIO\Desktop\W7AIOSP1\nuevos\Practica6.X\RETARDOS.inc
              Retardo_2ms   0x00007f    program     static C:\Users\USUARIO\Desktop\W7AIOSP1\nuevos\Practica6.X\RETARDOS.inc
              Retardo_1ms   0x000081    program     static C:\Users\USUARIO\Desktop\W7AIOSP1\nuevos\Practica6.X\RETARDOS.inc
              Retardos_ms   0x000082    program     static C:\Users\USUARIO\Desktop\W7AIOSP1\nuevos\Practica6.X\RETARDOS.inc
        R1ms_BucleExterno   0x000083    program     static C:\Users\USUARIO\Desktop\W7AIOSP1\nuevos\Practica6.X\RETARDOS.inc
        R1ms_BucleInterno   0x000085    program     static C:\Users\USUARIO\Desktop\W7AIOSP1\nuevos\Practica6.X\RETARDOS.inc
              Retardo_20s   0x00008b    program     static C:\Users\USUARIO\Desktop\W7AIOSP1\nuevos\Practica6.X\RETARDOS.inc
              Retardo_10s   0x00008d    program     static C:\Users\USUARIO\Desktop\W7AIOSP1\nuevos\Practica6.X\RETARDOS.inc
               Retardo_5s   0x00008f    program     static C:\Users\USUARIO\Desktop\W7AIOSP1\nuevos\Practica6.X\RETARDOS.inc
               Retardo_2s   0x000091    program     static C:\Users\USUARIO\Desktop\W7AIOSP1\nuevos\Practica6.X\RETARDOS.inc
               Retardo_1s   0x000093    program     static C:\Users\USUARIO\Desktop\W7AIOSP1\nuevos\Practica6.X\RETARDOS.inc
            Retardo_500ms   0x000095    program     static C:\Users\USUARIO\Desktop\W7AIOSP1\nuevos\Practica6.X\RETARDOS.inc
          Retardo_1Decima   0x000096    program     static C:\Users\USUARIO\Desktop\W7AIOSP1\nuevos\Practica6.X\RETARDOS.inc
   R1Decima_BucleExterno2   0x000097    program     static C:\Users\USUARIO\Desktop\W7AIOSP1\nuevos\Practica6.X\RETARDOS.inc
    R1Decima_BucleExterno   0x000099    program     static C:\Users\USUARIO\Desktop\W7AIOSP1\nuevos\Practica6.X\RETARDOS.inc
    R1Decima_BucleInterno   0x00009b    program     static C:\Users\USUARIO\Desktop\W7AIOSP1\nuevos\Practica6.X\RETARDOS.inc
                    SERRA   0x0000a3    program     static C:\Users\USUARIO\Desktop\W7AIOSP1\nuevos\Practica6.X\Practica6.asm


