MPLINK 5.09, LINKER
Linker Map File - Created Wed Mar 27 22:45:17 2019

                                 Section Info
                  Section       Type    Address   Location Size(Bytes)
                ---------  ---------  ---------  ---------  ---------
                   .org_0       code   0x000000    program   0x0001d6
                   .cinit    romdata   0x0000eb    program   0x000004
.config_2007_BUILD/DEFAULT/PRODUCTION/SECUENC       code   0x002007    program   0x000002
.config_2008_BUILD/DEFAULT/PRODUCTION/SECUENC       code   0x002008    program   0x000002



                              Program Memory Usage 
                               Start         End      
                           ---------   ---------      
                            0x000000    0x0000ec      
                            0x002007    0x002008      
            239 out of 8455 program addresses used, program memory utilization is 2%



                              Symbols - Sorted by Name
                     Name    Address   Location    Storage File                     
                ---------  ---------  ---------  --------- ---------                
                    ANGEL   0x00008e    program     static C:\Users\USUARIO\Desktop\escuela 2019\Sistemas\programas\secuencia2.X\secuencia2.asm
                  NombreA   0x00007a    program     static C:\Users\USUARIO\Desktop\escuela 2019\Sistemas\programas\secuencia2.X\secuencia2.asm
                  NombreS   0x000050    program     static C:\Users\USUARIO\Desktop\escuela 2019\Sistemas\programas\secuencia2.X\secuencia2.asm
                     Push   0x000030    program     static C:\Users\USUARIO\Desktop\escuela 2019\Sistemas\programas\secuencia2.X\secuencia2.asm
    R1Decima_BucleExterno   0x0000e1    program     static C:\Users\USUARIO\Desktop\escuela 2019\Sistemas\programas\secuencia2.X\RETARDOS.inc
   R1Decima_BucleExterno2   0x0000df    program     static C:\Users\USUARIO\Desktop\escuela 2019\Sistemas\programas\secuencia2.X\RETARDOS.inc
    R1Decima_BucleInterno   0x0000e3    program     static C:\Users\USUARIO\Desktop\escuela 2019\Sistemas\programas\secuencia2.X\RETARDOS.inc
        R1ms_BucleExterno   0x0000cb    program     static C:\Users\USUARIO\Desktop\escuela 2019\Sistemas\programas\secuencia2.X\RETARDOS.inc
        R1ms_BucleInterno   0x0000cd    program     static C:\Users\USUARIO\Desktop\escuela 2019\Sistemas\programas\secuencia2.X\RETARDOS.inc
                    RUT_1   0x00001c    program     static C:\Users\USUARIO\Desktop\escuela 2019\Sistemas\programas\secuencia2.X\secuencia2.asm
                    RUT_2   0x000026    program     static C:\Users\USUARIO\Desktop\escuela 2019\Sistemas\programas\secuencia2.X\secuencia2.asm
            RetardoMicros   0x0000b7    program     static C:\Users\USUARIO\Desktop\escuela 2019\Sistemas\programas\secuencia2.X\RETARDOS.inc
        Retardo_100micros   0x0000b1    program     static C:\Users\USUARIO\Desktop\escuela 2019\Sistemas\programas\secuencia2.X\RETARDOS.inc
            Retardo_100ms   0x0000bd    program     static C:\Users\USUARIO\Desktop\escuela 2019\Sistemas\programas\secuencia2.X\RETARDOS.inc
         Retardo_10micros   0x0000a4    program     static C:\Users\USUARIO\Desktop\escuela 2019\Sistemas\programas\secuencia2.X\RETARDOS.inc
             Retardo_10ms   0x0000c3    program     static C:\Users\USUARIO\Desktop\escuela 2019\Sistemas\programas\secuencia2.X\RETARDOS.inc
              Retardo_10s   0x0000d5    program     static C:\Users\USUARIO\Desktop\escuela 2019\Sistemas\programas\secuencia2.X\RETARDOS.inc
          Retardo_1Decima   0x0000de    program     static C:\Users\USUARIO\Desktop\escuela 2019\Sistemas\programas\secuencia2.X\RETARDOS.inc
              Retardo_1ms   0x0000c9    program     static C:\Users\USUARIO\Desktop\escuela 2019\Sistemas\programas\secuencia2.X\RETARDOS.inc
               Retardo_1s   0x0000db    program     static C:\Users\USUARIO\Desktop\escuela 2019\Sistemas\programas\secuencia2.X\RETARDOS.inc
        Retardo_200micros   0x0000ae    program     static C:\Users\USUARIO\Desktop\escuela 2019\Sistemas\programas\secuencia2.X\RETARDOS.inc
            Retardo_200ms   0x0000bb    program     static C:\Users\USUARIO\Desktop\escuela 2019\Sistemas\programas\secuencia2.X\RETARDOS.inc
         Retardo_20micros   0x0000b6    program     static C:\Users\USUARIO\Desktop\escuela 2019\Sistemas\programas\secuencia2.X\RETARDOS.inc
             Retardo_20ms   0x0000c1    program     static C:\Users\USUARIO\Desktop\escuela 2019\Sistemas\programas\secuencia2.X\RETARDOS.inc
              Retardo_20s   0x0000d3    program     static C:\Users\USUARIO\Desktop\escuela 2019\Sistemas\programas\secuencia2.X\RETARDOS.inc
              Retardo_2ms   0x0000c7    program     static C:\Users\USUARIO\Desktop\escuela 2019\Sistemas\programas\secuencia2.X\RETARDOS.inc
               Retardo_2s   0x0000d9    program     static C:\Users\USUARIO\Desktop\escuela 2019\Sistemas\programas\secuencia2.X\RETARDOS.inc
          Retardo_4micros   0x0000aa    program     static C:\Users\USUARIO\Desktop\escuela 2019\Sistemas\programas\secuencia2.X\RETARDOS.inc
        Retardo_500micros   0x0000ab    program     static C:\Users\USUARIO\Desktop\escuela 2019\Sistemas\programas\secuencia2.X\RETARDOS.inc
            Retardo_500ms   0x0000dd    program     static C:\Users\USUARIO\Desktop\escuela 2019\Sistemas\programas\secuencia2.X\RETARDOS.inc
         Retardo_50micros   0x0000b3    program     static C:\Users\USUARIO\Desktop\escuela 2019\Sistemas\programas\secuencia2.X\RETARDOS.inc
             Retardo_50ms   0x0000bf    program     static C:\Users\USUARIO\Desktop\escuela 2019\Sistemas\programas\secuencia2.X\RETARDOS.inc
          Retardo_5micros   0x0000a9    program     static C:\Users\USUARIO\Desktop\escuela 2019\Sistemas\programas\secuencia2.X\RETARDOS.inc
              Retardo_5ms   0x0000c5    program     static C:\Users\USUARIO\Desktop\escuela 2019\Sistemas\programas\secuencia2.X\RETARDOS.inc
               Retardo_5s   0x0000d7    program     static C:\Users\USUARIO\Desktop\escuela 2019\Sistemas\programas\secuencia2.X\RETARDOS.inc
              Retardos_ms   0x0000ca    program     static C:\Users\USUARIO\Desktop\escuela 2019\Sistemas\programas\secuencia2.X\RETARDOS.inc
            Rmicros_Bucle   0x0000b8    program     static C:\Users\USUARIO\Desktop\escuela 2019\Sistemas\programas\secuencia2.X\RETARDOS.inc
           RotaAutomatico   0x00001a    program     static C:\Users\USUARIO\Desktop\escuela 2019\Sistemas\programas\secuencia2.X\secuencia2.asm
              RotaDerecha   0x000043    program     static C:\Users\USUARIO\Desktop\escuela 2019\Sistemas\programas\secuencia2.X\secuencia2.asm
             RotaDerecha1   0x000041    program     static C:\Users\USUARIO\Desktop\escuela 2019\Sistemas\programas\secuencia2.X\secuencia2.asm
            RotaIzquierda   0x000034    program     static C:\Users\USUARIO\Desktop\escuela 2019\Sistemas\programas\secuencia2.X\secuencia2.asm
           RotaIzquierda1   0x000032    program     static C:\Users\USUARIO\Desktop\escuela 2019\Sistemas\programas\secuencia2.X\secuencia2.asm
                   SANDRA   0x000064    program     static C:\Users\USUARIO\Desktop\escuela 2019\Sistemas\programas\secuencia2.X\secuencia2.asm
                     otra   0x000055    program     static C:\Users\USUARIO\Desktop\escuela 2019\Sistemas\programas\secuencia2.X\secuencia2.asm
                    otra2   0x00007f    program     static C:\Users\USUARIO\Desktop\escuela 2019\Sistemas\programas\secuencia2.X\secuencia2.asm
                 pregunta   0x000011    program     static C:\Users\USUARIO\Desktop\escuela 2019\Sistemas\programas\secuencia2.X\secuencia2.asm
                     sec0   0x000014    program     static C:\Users\USUARIO\Desktop\escuela 2019\Sistemas\programas\secuencia2.X\secuencia2.asm
                     sec1   0x000017    program     static C:\Users\USUARIO\Desktop\escuela 2019\Sistemas\programas\secuencia2.X\secuencia2.asm
                    start   0x000002    program     static C:\Users\USUARIO\Desktop\escuela 2019\Sistemas\programas\secuencia2.X\secuencia2.asm



                              Symbols - Sorted by Address
                     Name    Address   Location    Storage File                     
                ---------  ---------  ---------  --------- ---------                
                    start   0x000002    program     static C:\Users\USUARIO\Desktop\escuela 2019\Sistemas\programas\secuencia2.X\secuencia2.asm
                 pregunta   0x000011    program     static C:\Users\USUARIO\Desktop\escuela 2019\Sistemas\programas\secuencia2.X\secuencia2.asm
                     sec0   0x000014    program     static C:\Users\USUARIO\Desktop\escuela 2019\Sistemas\programas\secuencia2.X\secuencia2.asm
                     sec1   0x000017    program     static C:\Users\USUARIO\Desktop\escuela 2019\Sistemas\programas\secuencia2.X\secuencia2.asm
           RotaAutomatico   0x00001a    program     static C:\Users\USUARIO\Desktop\escuela 2019\Sistemas\programas\secuencia2.X\secuencia2.asm
                    RUT_1   0x00001c    program     static C:\Users\USUARIO\Desktop\escuela 2019\Sistemas\programas\secuencia2.X\secuencia2.asm
                    RUT_2   0x000026    program     static C:\Users\USUARIO\Desktop\escuela 2019\Sistemas\programas\secuencia2.X\secuencia2.asm
                     Push   0x000030    program     static C:\Users\USUARIO\Desktop\escuela 2019\Sistemas\programas\secuencia2.X\secuencia2.asm
           RotaIzquierda1   0x000032    program     static C:\Users\USUARIO\Desktop\escuela 2019\Sistemas\programas\secuencia2.X\secuencia2.asm
            RotaIzquierda   0x000034    program     static C:\Users\USUARIO\Desktop\escuela 2019\Sistemas\programas\secuencia2.X\secuencia2.asm
             RotaDerecha1   0x000041    program     static C:\Users\USUARIO\Desktop\escuela 2019\Sistemas\programas\secuencia2.X\secuencia2.asm
              RotaDerecha   0x000043    program     static C:\Users\USUARIO\Desktop\escuela 2019\Sistemas\programas\secuencia2.X\secuencia2.asm
                  NombreS   0x000050    program     static C:\Users\USUARIO\Desktop\escuela 2019\Sistemas\programas\secuencia2.X\secuencia2.asm
                     otra   0x000055    program     static C:\Users\USUARIO\Desktop\escuela 2019\Sistemas\programas\secuencia2.X\secuencia2.asm
                   SANDRA   0x000064    program     static C:\Users\USUARIO\Desktop\escuela 2019\Sistemas\programas\secuencia2.X\secuencia2.asm
                  NombreA   0x00007a    program     static C:\Users\USUARIO\Desktop\escuela 2019\Sistemas\programas\secuencia2.X\secuencia2.asm
                    otra2   0x00007f    program     static C:\Users\USUARIO\Desktop\escuela 2019\Sistemas\programas\secuencia2.X\secuencia2.asm
                    ANGEL   0x00008e    program     static C:\Users\USUARIO\Desktop\escuela 2019\Sistemas\programas\secuencia2.X\secuencia2.asm
         Retardo_10micros   0x0000a4    program     static C:\Users\USUARIO\Desktop\escuela 2019\Sistemas\programas\secuencia2.X\RETARDOS.inc
          Retardo_5micros   0x0000a9    program     static C:\Users\USUARIO\Desktop\escuela 2019\Sistemas\programas\secuencia2.X\RETARDOS.inc
          Retardo_4micros   0x0000aa    program     static C:\Users\USUARIO\Desktop\escuela 2019\Sistemas\programas\secuencia2.X\RETARDOS.inc
        Retardo_500micros   0x0000ab    program     static C:\Users\USUARIO\Desktop\escuela 2019\Sistemas\programas\secuencia2.X\RETARDOS.inc
        Retardo_200micros   0x0000ae    program     static C:\Users\USUARIO\Desktop\escuela 2019\Sistemas\programas\secuencia2.X\RETARDOS.inc
        Retardo_100micros   0x0000b1    program     static C:\Users\USUARIO\Desktop\escuela 2019\Sistemas\programas\secuencia2.X\RETARDOS.inc
         Retardo_50micros   0x0000b3    program     static C:\Users\USUARIO\Desktop\escuela 2019\Sistemas\programas\secuencia2.X\RETARDOS.inc
         Retardo_20micros   0x0000b6    program     static C:\Users\USUARIO\Desktop\escuela 2019\Sistemas\programas\secuencia2.X\RETARDOS.inc
            RetardoMicros   0x0000b7    program     static C:\Users\USUARIO\Desktop\escuela 2019\Sistemas\programas\secuencia2.X\RETARDOS.inc
            Rmicros_Bucle   0x0000b8    program     static C:\Users\USUARIO\Desktop\escuela 2019\Sistemas\programas\secuencia2.X\RETARDOS.inc
            Retardo_200ms   0x0000bb    program     static C:\Users\USUARIO\Desktop\escuela 2019\Sistemas\programas\secuencia2.X\RETARDOS.inc
            Retardo_100ms   0x0000bd    program     static C:\Users\USUARIO\Desktop\escuela 2019\Sistemas\programas\secuencia2.X\RETARDOS.inc
             Retardo_50ms   0x0000bf    program     static C:\Users\USUARIO\Desktop\escuela 2019\Sistemas\programas\secuencia2.X\RETARDOS.inc
             Retardo_20ms   0x0000c1    program     static C:\Users\USUARIO\Desktop\escuela 2019\Sistemas\programas\secuencia2.X\RETARDOS.inc
             Retardo_10ms   0x0000c3    program     static C:\Users\USUARIO\Desktop\escuela 2019\Sistemas\programas\secuencia2.X\RETARDOS.inc
              Retardo_5ms   0x0000c5    program     static C:\Users\USUARIO\Desktop\escuela 2019\Sistemas\programas\secuencia2.X\RETARDOS.inc
              Retardo_2ms   0x0000c7    program     static C:\Users\USUARIO\Desktop\escuela 2019\Sistemas\programas\secuencia2.X\RETARDOS.inc
              Retardo_1ms   0x0000c9    program     static C:\Users\USUARIO\Desktop\escuela 2019\Sistemas\programas\secuencia2.X\RETARDOS.inc
              Retardos_ms   0x0000ca    program     static C:\Users\USUARIO\Desktop\escuela 2019\Sistemas\programas\secuencia2.X\RETARDOS.inc
        R1ms_BucleExterno   0x0000cb    program     static C:\Users\USUARIO\Desktop\escuela 2019\Sistemas\programas\secuencia2.X\RETARDOS.inc
        R1ms_BucleInterno   0x0000cd    program     static C:\Users\USUARIO\Desktop\escuela 2019\Sistemas\programas\secuencia2.X\RETARDOS.inc
              Retardo_20s   0x0000d3    program     static C:\Users\USUARIO\Desktop\escuela 2019\Sistemas\programas\secuencia2.X\RETARDOS.inc
              Retardo_10s   0x0000d5    program     static C:\Users\USUARIO\Desktop\escuela 2019\Sistemas\programas\secuencia2.X\RETARDOS.inc
               Retardo_5s   0x0000d7    program     static C:\Users\USUARIO\Desktop\escuela 2019\Sistemas\programas\secuencia2.X\RETARDOS.inc
               Retardo_2s   0x0000d9    program     static C:\Users\USUARIO\Desktop\escuela 2019\Sistemas\programas\secuencia2.X\RETARDOS.inc
               Retardo_1s   0x0000db    program     static C:\Users\USUARIO\Desktop\escuela 2019\Sistemas\programas\secuencia2.X\RETARDOS.inc
            Retardo_500ms   0x0000dd    program     static C:\Users\USUARIO\Desktop\escuela 2019\Sistemas\programas\secuencia2.X\RETARDOS.inc
          Retardo_1Decima   0x0000de    program     static C:\Users\USUARIO\Desktop\escuela 2019\Sistemas\programas\secuencia2.X\RETARDOS.inc
   R1Decima_BucleExterno2   0x0000df    program     static C:\Users\USUARIO\Desktop\escuela 2019\Sistemas\programas\secuencia2.X\RETARDOS.inc
    R1Decima_BucleExterno   0x0000e1    program     static C:\Users\USUARIO\Desktop\escuela 2019\Sistemas\programas\secuencia2.X\RETARDOS.inc
    R1Decima_BucleInterno   0x0000e3    program     static C:\Users\USUARIO\Desktop\escuela 2019\Sistemas\programas\secuencia2.X\RETARDOS.inc


